Performing C SOURCE FILE Test CMAKE_HAVE_LIBC_PTHREAD failed with the following output:
Change Dir: /home/hsw/catkin_ws/program/sem_loc/build/CMakeFiles/CMakeTmp

Run Build Command(s):/usr/bin/make cmTC_5e219/fast && /usr/bin/make -f CMakeFiles/cmTC_5e219.dir/build.make CMakeFiles/cmTC_5e219.dir/build
make[1]: 进入目录“/home/hsw/catkin_ws/program/sem_loc/build/CMakeFiles/CMakeTmp”
Building C object CMakeFiles/cmTC_5e219.dir/src.c.o
/usr/bin/cc   -DCMAKE_HAVE_LIBC_PTHREAD -fPIE   -o CMakeFiles/cmTC_5e219.dir/src.c.o   -c /home/hsw/catkin_ws/program/sem_loc/build/CMakeFiles/CMakeTmp/src.c
Linking C executable cmTC_5e219
/usr/bin/cmake -E cmake_link_script CMakeFiles/cmTC_5e219.dir/link.txt --verbose=1
/usr/bin/cc  -DCMAKE_HAVE_LIBC_PTHREAD    -rdynamic CMakeFiles/cmTC_5e219.dir/src.c.o  -o cmTC_5e219 
/usr/bin/ld: CMakeFiles/cmTC_5e219.dir/src.c.o: in function `main':
src.c:(.text+0x46): undefined reference to `pthread_create'
/usr/bin/ld: src.c:(.text+0x52): undefined reference to `pthread_detach'
/usr/bin/ld: src.c:(.text+0x63): undefined reference to `pthread_join'
collect2: error: ld returned 1 exit status
make[1]: *** [CMakeFiles/cmTC_5e219.dir/build.make:87：cmTC_5e219] 错误 1
make[1]: 离开目录“/home/hsw/catkin_ws/program/sem_loc/build/CMakeFiles/CMakeTmp”
make: *** [Makefile:121：cmTC_5e219/fast] 错误 2


Source file was:
#include <pthread.h>

void* test_func(void* data)
{
  return data;
}

int main(void)
{
  pthread_t thread;
  pthread_create(&thread, NULL, test_func, NULL);
  pthread_detach(thread);
  pthread_join(thread, NULL);
  pthread_atfork(NULL, NULL, NULL);
  pthread_exit(NULL);

  return 0;
}

Determining if the function pthread_create exists in the pthreads failed with the following output:
Change Dir: /home/hsw/catkin_ws/program/sem_loc/build/CMakeFiles/CMakeTmp

Run Build Command(s):/usr/bin/make cmTC_ea6a1/fast && /usr/bin/make -f CMakeFiles/cmTC_ea6a1.dir/build.make CMakeFiles/cmTC_ea6a1.dir/build
make[1]: 进入目录“/home/hsw/catkin_ws/program/sem_loc/build/CMakeFiles/CMakeTmp”
Building C object CMakeFiles/cmTC_ea6a1.dir/CheckFunctionExists.c.o
/usr/bin/cc   -DCHECK_FUNCTION_EXISTS=pthread_create -fPIE   -o CMakeFiles/cmTC_ea6a1.dir/CheckFunctionExists.c.o   -c /usr/share/cmake-3.16/Modules/CheckFunctionExists.c
Linking C executable cmTC_ea6a1
/usr/bin/cmake -E cmake_link_script CMakeFiles/cmTC_ea6a1.dir/link.txt --verbose=1
/usr/bin/cc  -DCHECK_FUNCTION_EXISTS=pthread_create    -rdynamic CMakeFiles/cmTC_ea6a1.dir/CheckFunctionExists.c.o  -o cmTC_ea6a1  -lpthreads 
/usr/bin/ld: 找不到 -lpthreads
collect2: error: ld returned 1 exit status
make[1]: *** [CMakeFiles/cmTC_ea6a1.dir/build.make:87：cmTC_ea6a1] 错误 1
make[1]: 离开目录“/home/hsw/catkin_ws/program/sem_loc/build/CMakeFiles/CMakeTmp”
make: *** [Makefile:121：cmTC_ea6a1/fast] 错误 2



Determining if the pthread_create exist failed with the following output:
Change Dir: /home/hsw/catkin_ws/program/sem_loc/build/CMakeFiles/CMakeTmp

Run Build Command:"/usr/bin/make" "cmTC_64104/fast"
/usr/bin/make -f CMakeFiles/cmTC_64104.dir/build.make CMakeFiles/cmTC_64104.dir/build
make[1]: 进入目录“/home/hsw/catkin_ws/program/sem_loc/build/CMakeFiles/CMakeTmp”
Building C object CMakeFiles/cmTC_64104.dir/CheckSymbolExists.c.o
/usr/bin/cc    -fPIE   -o CMakeFiles/cmTC_64104.dir/CheckSymbolExists.c.o   -c /home/hsw/catkin_ws/program/sem_loc/build/CMakeFiles/CMakeTmp/CheckSymbolExists.c
Linking C executable cmTC_64104
/home/hsw/miniconda3/envs/torch/bin/cmake -E cmake_link_script CMakeFiles/cmTC_64104.dir/link.txt --verbose=1
/usr/bin/cc       CMakeFiles/cmTC_64104.dir/CheckSymbolExists.c.o  -o cmTC_64104 -rdynamic 
/usr/bin/ld: CMakeFiles/cmTC_64104.dir/CheckSymbolExists.c.o: in function `main':
CheckSymbolExists.c:(.text+0x1f): undefined reference to `pthread_create'
collect2: error: ld returned 1 exit status
make[1]: *** [CMakeFiles/cmTC_64104.dir/build.make:98：cmTC_64104] 错误 1
make[1]: 离开目录“/home/hsw/catkin_ws/program/sem_loc/build/CMakeFiles/CMakeTmp”
make: *** [Makefile:126：cmTC_64104/fast] 错误 2

File /home/hsw/catkin_ws/program/sem_loc/build/CMakeFiles/CMakeTmp/CheckSymbolExists.c:
/* */
#include <pthread.h>

int main(int argc, char** argv)
{
  (void)argv;
#ifndef pthread_create
  return ((int*)(&pthread_create))[argc];
#else
  (void)argc;
  return 0;
#endif
}

