Performing C SOURCE FILE Test CMAKE_HAVE_LIBC_PTHREAD failed with the following output:
Change Dir: /home/hsw/catkin_ws/program/GridMap_v7_5_ros1/build/CMakeFiles/CMakeTmp

Run Build Command(s):/usr/bin/make cmTC_c7a86/fast && /usr/bin/make -f CMakeFiles/cmTC_c7a86.dir/build.make CMakeFiles/cmTC_c7a86.dir/build
make[1]: 进入目录“/home/hsw/catkin_ws/program/GridMap_v7_5_ros1/build/CMakeFiles/CMakeTmp”
Building C object CMakeFiles/cmTC_c7a86.dir/src.c.o
/usr/bin/cc   -Wall -O3  -DCMAKE_HAVE_LIBC_PTHREAD   -o CMakeFiles/cmTC_c7a86.dir/src.c.o   -c /home/hsw/catkin_ws/program/GridMap_v7_5_ros1/build/CMakeFiles/CMakeTmp/src.c
Linking C executable cmTC_c7a86
/usr/bin/cmake -E cmake_link_script CMakeFiles/cmTC_c7a86.dir/link.txt --verbose=1
/usr/bin/cc  -Wall -O3  -DCMAKE_HAVE_LIBC_PTHREAD     CMakeFiles/cmTC_c7a86.dir/src.c.o  -o cmTC_c7a86 
/usr/bin/ld: CMakeFiles/cmTC_c7a86.dir/src.c.o: in function `main':
src.c:(.text.startup+0x29): undefined reference to `pthread_create'
/usr/bin/ld: src.c:(.text.startup+0x32): undefined reference to `pthread_detach'
/usr/bin/ld: src.c:(.text.startup+0x3d): undefined reference to `pthread_join'
collect2: error: ld returned 1 exit status
make[1]: *** [CMakeFiles/cmTC_c7a86.dir/build.make:87：cmTC_c7a86] 错误 1
make[1]: 离开目录“/home/hsw/catkin_ws/program/GridMap_v7_5_ros1/build/CMakeFiles/CMakeTmp”
make: *** [Makefile:121：cmTC_c7a86/fast] 错误 2


Source file was:
#include <pthread.h>

void* test_func(void* data)
{
  return data;
}

int main(void)
{
  pthread_t thread;
  pthread_create(&thread, NULL, test_func, NULL);
  pthread_detach(thread);
  pthread_join(thread, NULL);
  pthread_atfork(NULL, NULL, NULL);
  pthread_exit(NULL);

  return 0;
}

Determining if the function pthread_create exists in the pthreads failed with the following output:
Change Dir: /home/hsw/catkin_ws/program/GridMap_v7_5_ros1/build/CMakeFiles/CMakeTmp

Run Build Command(s):/usr/bin/make cmTC_12254/fast && /usr/bin/make -f CMakeFiles/cmTC_12254.dir/build.make CMakeFiles/cmTC_12254.dir/build
make[1]: 进入目录“/home/hsw/catkin_ws/program/GridMap_v7_5_ros1/build/CMakeFiles/CMakeTmp”
Building C object CMakeFiles/cmTC_12254.dir/CheckFunctionExists.c.o
/usr/bin/cc   -Wall -O3  -DCHECK_FUNCTION_EXISTS=pthread_create   -o CMakeFiles/cmTC_12254.dir/CheckFunctionExists.c.o   -c /usr/share/cmake-3.16/Modules/CheckFunctionExists.c
Linking C executable cmTC_12254
/usr/bin/cmake -E cmake_link_script CMakeFiles/cmTC_12254.dir/link.txt --verbose=1
/usr/bin/cc  -Wall -O3  -DCHECK_FUNCTION_EXISTS=pthread_create     CMakeFiles/cmTC_12254.dir/CheckFunctionExists.c.o  -o cmTC_12254  -lpthreads 
/usr/bin/ld: 找不到 -lpthreads
collect2: error: ld returned 1 exit status
make[1]: *** [CMakeFiles/cmTC_12254.dir/build.make:87：cmTC_12254] 错误 1
make[1]: 离开目录“/home/hsw/catkin_ws/program/GridMap_v7_5_ros1/build/CMakeFiles/CMakeTmp”
make: *** [Makefile:121：cmTC_12254/fast] 错误 2



